// Jest Snapshot v1, https://goo.gl/fbAQLP

exports[`<Link /> should render snapshot 1`] = `
<div
  dataTestId=""
  href="/"
  passHref={false}
>
  <a
    className=""
  >
    Home
  </a>
</div>
`;
